
> frontend@0.0.0 build
> tsc -b && vite build

src/components/admin/charts/BookingChart.tsx(55,11): error TS2322: Type '{ children: Element[]; as: "select"; value: "7" | "30"; onChange: (e: any) => void; w: { base: "full"; sm: "150px"; }; fontSize: "sm"; p: number; borderRadius: "md"; border: "1px"; borderColor: "gray.200"; bg: "white"; cursor: "pointer"; _focus: { ...; }; }' is not assignable to type 'IntrinsicAttributes & Omit<PatchHtmlProps<Omit<DetailedHTMLProps<HTMLAttributes<HTMLDivElement>, HTMLDivElement>, "ref">>, "color" | ... 835 more ... | keyof PolymorphicProps> & Omit<...> & PolymorphicProps & { ...; }'.
  Property 'value' does not exist on type 'IntrinsicAttributes & Omit<PatchHtmlProps<Omit<DetailedHTMLProps<HTMLAttributes<HTMLDivElement>, HTMLDivElement>, "ref">>, "color" | ... 835 more ... | keyof PolymorphicProps> & Omit<...> & PolymorphicProps & { ...; }'.
src/components/admin/charts/RevenueChart.tsx(53,24): error TS6133: 'entry' is declared but its value is never read.
src/components/admin/layout/AdminLayout.tsx(11,11): error TS2339: Property 'isOpen' does not exist on type '{ open: boolean; onOpen: () => void; onClose: () => void; onToggle: () => void; setOpen: Dispatch<SetStateAction<boolean>>; }'.
src/components/admin/layout/Sidebar.tsx(56,13): error TS2322: Type '{ "aria-label": string; icon: Element; display: { base: "flex"; lg: "none"; }; variant: "ghost"; onClick: () => void; size: "sm"; }' is not assignable to type 'IntrinsicAttributes & IconButtonProps & RefAttributes<HTMLButtonElement>'.
  Property 'icon' does not exist on type 'IntrinsicAttributes & IconButtonProps & RefAttributes<HTMLButtonElement>'. Did you mean '_icon'?
src/components/admin/layout/Sidebar.tsx(65,17): error TS2322: Type '{ children: Element[]; spacing: number; align: "stretch"; p: number; }' is not assignable to type 'IntrinsicAttributes & StackProps & RefAttributes<HTMLDivElement>'.
  Property 'spacing' does not exist on type 'IntrinsicAttributes & StackProps & RefAttributes<HTMLDivElement>'.
src/components/admin/layout/Topbar.tsx(39,17): error TS2322: Type '{ children: Element[]; spacing: number; }' is not assignable to type 'IntrinsicAttributes & StackProps & RefAttributes<HTMLDivElement>'.
  Property 'spacing' does not exist on type 'IntrinsicAttributes & StackProps & RefAttributes<HTMLDivElement>'.
src/components/admin/layout/Topbar.tsx(58,17): error TS2322: Type '{ children: Element[]; spacing: number; }' is not assignable to type 'IntrinsicAttributes & StackProps & RefAttributes<HTMLDivElement>'.
  Property 'spacing' does not exist on type 'IntrinsicAttributes & StackProps & RefAttributes<HTMLDivElement>'.
src/components/admin/layout/Topbar.tsx(83,13): error TS2322: Type '{ children: Element[]; spacing: number; cursor: "pointer"; _hover: { opacity: number; }; onClick: () => void; px: number; py: number; borderRadius: "md"; title: string; transition: "opacity 0.2s"; }' is not assignable to type 'IntrinsicAttributes & StackProps & RefAttributes<HTMLDivElement>'.
  Property 'spacing' does not exist on type 'IntrinsicAttributes & StackProps & RefAttributes<HTMLDivElement>'.
src/components/listing/RestaurantGrid.tsx(38,7): error TS6133: 'hoverRise' is declared but its value is never read.
src/components/listing/RestaurantGrid.tsx(95,46): error TS2322: Type '{ size: "xl"; color: "#0ea5e9"; thickness: string; mb: number; }' is not assignable to type 'IntrinsicAttributes & SpinnerProps & RefAttributes<HTMLSpanElement>'.
  Property 'thickness' does not exist on type 'IntrinsicAttributes & SpinnerProps & RefAttributes<HTMLSpanElement>'.
src/components/listing/RestaurantGrid.tsx(163,15): error TS2322: Type '{ src: string; alt: string; width: "100%"; height: "100%"; objectFit: "cover"; fallback: Element; onError: (e: SyntheticEvent<HTMLImageElement, Event>) => void; }' is not assignable to type 'IntrinsicAttributes & ImageProps & RefAttributes<HTMLImageElement>'.
  Property 'fallback' does not exist on type 'IntrinsicAttributes & ImageProps & RefAttributes<HTMLImageElement>'.
src/components/listing/RestaurantGrid.tsx(175,25): error TS6133: 'e' is declared but its value is never read.
src/components/listing/RestaurantGrid.tsx(183,81): error TS2322: Type '{ children: string; fontSize: { base: "xl"; md: "1.35rem"; }; color: "#0f172a"; noOfLines: number; }' is not assignable to type 'IntrinsicAttributes & HeadingProps & RefAttributes<HTMLHeadingElement>'.
  Property 'noOfLines' does not exist on type 'IntrinsicAttributes & HeadingProps & RefAttributes<HTMLHeadingElement>'.
src/components/listing/RestaurantGrid.tsx(193,66): error TS2322: Type '{ children: string; color: "gray.600"; fontSize: "sm"; mb: number; flex: "1"; noOfLines: number; }' is not assignable to type 'IntrinsicAttributes & TextProps & RefAttributes<HTMLParagraphElement>'.
  Property 'noOfLines' does not exist on type 'IntrinsicAttributes & TextProps & RefAttributes<HTMLParagraphElement>'.
src/components/listing/RestaurantGrid.tsx(209,37): error TS2322: Type '{ children: string; fontSize: "sm"; noOfLines: number; }' is not assignable to type 'IntrinsicAttributes & TextProps & RefAttributes<HTMLParagraphElement>'.
  Property 'noOfLines' does not exist on type 'IntrinsicAttributes & TextProps & RefAttributes<HTMLParagraphElement>'.
src/components/registration/LoadingState.tsx(13,45): error TS2322: Type '{ size: "xl"; color: "cyan.500"; thickness: string; }' is not assignable to type 'IntrinsicAttributes & SpinnerProps & RefAttributes<HTMLSpanElement>'.
  Property 'thickness' does not exist on type 'IntrinsicAttributes & SpinnerProps & RefAttributes<HTMLSpanElement>'.
src/components/registration/SubmitButton.tsx(34,9): error TS2322: Type '{ children: string | Element; width: "100%"; size: "lg"; bgGradient: "linear(to-r, #0ea5e9, #14b8a6)"; color: "white"; _hover: { bgGradient: "linear(to-r, #14b8a6, #10b981)"; transform: "none" | "translateY(-2px)"; boxShadow: "0 12px 30px rgba(14,165,233,0.35)"; }; onClick: () => void; borderRadius: "12px"; fontWeig...' is not assignable to type 'IntrinsicAttributes & ButtonProps & RefAttributes<HTMLButtonElement>'.
  Property 'isDisabled' does not exist on type 'IntrinsicAttributes & ButtonProps & RefAttributes<HTMLButtonElement>'. Did you mean 'disabled'?
src/pages/admin/BookingsPage.tsx(38,13): error TS2322: Type '{ children: Element[]; as: "select"; value: string; onChange: (e: any) => void; width: "200px"; bg: "white"; p: number; borderRadius: "md"; border: "1px"; borderColor: "gray.200"; fontSize: "sm"; }' is not assignable to type 'IntrinsicAttributes & Omit<PatchHtmlProps<Omit<DetailedHTMLProps<HTMLAttributes<HTMLDivElement>, HTMLDivElement>, "ref">>, "color" | ... 835 more ... | keyof PolymorphicProps> & Omit<...> & PolymorphicProps & { ...; }'.
  Property 'value' does not exist on type 'IntrinsicAttributes & Omit<PatchHtmlProps<Omit<DetailedHTMLProps<HTMLAttributes<HTMLDivElement>, HTMLDivElement>, "ref">>, "color" | ... 835 more ... | keyof PolymorphicProps> & Omit<...> & PolymorphicProps & { ...; }'.
src/pages/admin/CreateTimeSlotPage.tsx(267,19): error TS2322: Type '{ children: Element[]; spacing: { base: number; md: number; }; align: "stretch"; }' is not assignable to type 'IntrinsicAttributes & StackProps & RefAttributes<HTMLDivElement>'.
  Property 'spacing' does not exist on type 'IntrinsicAttributes & StackProps & RefAttributes<HTMLDivElement>'.
src/pages/admin/CreateTimeSlotPage.tsx(351,23): error TS2322: Type '{ children: (false | "" | Element)[]; spacing: number; align: "stretch"; }' is not assignable to type 'IntrinsicAttributes & StackProps & RefAttributes<HTMLDivElement>'.
  Property 'spacing' does not exist on type 'IntrinsicAttributes & StackProps & RefAttributes<HTMLDivElement>'.
src/pages/admin/CreateTimeSlotPage.tsx(411,31): error TS2322: Type '{ children: Element[]; spacing: number; }' is not assignable to type 'IntrinsicAttributes & StackProps & RefAttributes<HTMLDivElement>'.
  Property 'spacing' does not exist on type 'IntrinsicAttributes & StackProps & RefAttributes<HTMLDivElement>'.
src/pages/admin/CreateTimeSlotPage.tsx(420,28): error TS2322: Type '{ children: Element[]; spacing: number; }' is not assignable to type 'IntrinsicAttributes & StackProps & RefAttributes<HTMLDivElement>'.
  Property 'spacing' does not exist on type 'IntrinsicAttributes & StackProps & RefAttributes<HTMLDivElement>'.
src/pages/admin/CreateTimeSlotPage.tsx(527,23): error TS2322: Type '{ children: (false | Element)[]; spacing: number; align: "stretch"; }' is not assignable to type 'IntrinsicAttributes & StackProps & RefAttributes<HTMLDivElement>'.
  Property 'spacing' does not exist on type 'IntrinsicAttributes & StackProps & RefAttributes<HTMLDivElement>'.
src/pages/admin/CreateTimeSlotPage.tsx(577,21): error TS2322: Type '{ children: Element[]; as: "select"; value: number; onChange: (e: any) => void; size: string; w: "100%"; h: "48px"; px: number; borderRadius: "xl"; border: "1px"; borderColor: "gray.300"; bg: "white"; ... 4 more ...; _hover: { ...; }; }' is not assignable to type 'IntrinsicAttributes & Omit<PatchHtmlProps<Omit<DetailedHTMLProps<HTMLAttributes<HTMLDivElement>, HTMLDivElement>, "ref">>, "color" | ... 835 more ... | keyof PolymorphicProps> & Omit<...> & PolymorphicProps & { ...; }'.
  Property 'value' does not exist on type 'IntrinsicAttributes & Omit<PatchHtmlProps<Omit<DetailedHTMLProps<HTMLAttributes<HTMLDivElement>, HTMLDivElement>, "ref">>, "color" | ... 835 more ... | keyof PolymorphicProps> & Omit<...> & PolymorphicProps & { ...; }'.
src/pages/admin/CreateTimeSlotPage.tsx(763,15): error TS2322: Type '{ children: Element[]; spacing: number; pt: number; style: { animation: "fadeSlideUp 0.6s cubic-bezier(0.4, 0, 0.2, 1) 0.4s backwards"; }; }' is not assignable to type 'IntrinsicAttributes & StackProps & RefAttributes<HTMLDivElement>'.
  Property 'spacing' does not exist on type 'IntrinsicAttributes & StackProps & RefAttributes<HTMLDivElement>'.
src/pages/admin/CreateTimeSlotPage.tsx(790,17): error TS2322: Type '{ children: string; flex: "1"; bgGradient: "linear(to-r, #0ea5e9, #14b8a6)"; color: "white"; _hover: { bgGradient: "linear(to-r, #14b8a6, #10b981)"; transform: "translateY(-2px)"; boxShadow: "lg"; }; ... 7 more ...; transition: "all 0.3s"; }' is not assignable to type 'IntrinsicAttributes & ButtonProps & RefAttributes<HTMLButtonElement>'.
  Property 'isDisabled' does not exist on type 'IntrinsicAttributes & ButtonProps & RefAttributes<HTMLButtonElement>'. Did you mean 'disabled'?
src/pages/admin/OrdersPage.tsx(39,13): error TS2322: Type '{ children: Element[]; as: "select"; value: string; onChange: (e: any) => void; width: { base: "full"; sm: "200px"; }; bg: "white"; p: number; borderRadius: "md"; border: "1px"; borderColor: "gray.200"; fontSize: "sm"; }' is not assignable to type 'IntrinsicAttributes & Omit<PatchHtmlProps<Omit<DetailedHTMLProps<HTMLAttributes<HTMLDivElement>, HTMLDivElement>, "ref">>, "color" | ... 835 more ... | keyof PolymorphicProps> & Omit<...> & PolymorphicProps & { ...; }'.
  Property 'value' does not exist on type 'IntrinsicAttributes & Omit<PatchHtmlProps<Omit<DetailedHTMLProps<HTMLAttributes<HTMLDivElement>, HTMLDivElement>, "ref">>, "color" | ... 835 more ... | keyof PolymorphicProps> & Omit<...> & PolymorphicProps & { ...; }'.
src/pages/admin/OrdersPage.tsx(91,29): error TS2322: Type '{ children: (false | Element | Element[])[]; spacing: number; flexWrap: "wrap"; }' is not assignable to type 'IntrinsicAttributes & StackProps & RefAttributes<HTMLDivElement>'.
  Property 'spacing' does not exist on type 'IntrinsicAttributes & StackProps & RefAttributes<HTMLDivElement>'.
src/pages/admin/RestaurantsListPage.tsx(44,11): error TS2339: Property 'isOpen' does not exist on type '{ open: boolean; onOpen: () => void; onClose: () => void; onToggle: () => void; setOpen: Dispatch<SetStateAction<boolean>>; }'.
src/pages/admin/RestaurantsListPage.tsx(119,49): error TS2322: Type '{ size: "xl"; color: "cyan.500"; thickness: string; mb: number; }' is not assignable to type 'IntrinsicAttributes & SpinnerProps & RefAttributes<HTMLSpanElement>'.
  Property 'thickness' does not exist on type 'IntrinsicAttributes & SpinnerProps & RefAttributes<HTMLSpanElement>'.
src/pages/admin/RestaurantsListPage.tsx(152,15): error TS2322: Type '{ children: string; leftIcon: Element; bgGradient: "linear(to-r, #0ea5e9, #14b8a6)"; color: "white"; _hover: { bgGradient: "linear(to-r, #14b8a6, #10b981)"; transform: "translateY(-2px)"; boxShadow: "lg"; }; onClick: () => void | Promise<...>; size: { ...; }; borderRadius: "xl"; transition: "all 0.3s"; }' is not assignable to type 'IntrinsicAttributes & ButtonProps & RefAttributes<HTMLButtonElement>'.
  Property 'leftIcon' does not exist on type 'IntrinsicAttributes & ButtonProps & RefAttributes<HTMLButtonElement>'.
src/pages/admin/RestaurantsListPage.tsx(204,17): error TS2322: Type '{ children: Element[]; spacing: number; align: "stretch"; }' is not assignable to type 'IntrinsicAttributes & StackProps & RefAttributes<HTMLDivElement>'.
  Property 'spacing' does not exist on type 'IntrinsicAttributes & StackProps & RefAttributes<HTMLDivElement>'.
src/pages/admin/RestaurantsListPage.tsx(234,57): error TS2322: Type '{ children: string; size: "md"; color: "gray.800"; noOfLines: number; }' is not assignable to type 'IntrinsicAttributes & HeadingProps & RefAttributes<HTMLHeadingElement>'.
  Property 'noOfLines' does not exist on type 'IntrinsicAttributes & HeadingProps & RefAttributes<HTMLHeadingElement>'.
src/pages/admin/RestaurantsListPage.tsx(237,29): error TS2322: Type '{ children: (false | Element)[]; spacing: number; flexWrap: "wrap"; }' is not assignable to type 'IntrinsicAttributes & StackProps & RefAttributes<HTMLDivElement>'.
  Property 'spacing' does not exist on type 'IntrinsicAttributes & StackProps & RefAttributes<HTMLDivElement>'.
src/pages/admin/RestaurantsListPage.tsx(261,41): error TS2322: Type '{ children: Element[]; align: "start"; spacing: number; fontSize: "sm"; color: "gray.600"; }' is not assignable to type 'IntrinsicAttributes & StackProps & RefAttributes<HTMLDivElement>'.
  Property 'spacing' does not exist on type 'IntrinsicAttributes & StackProps & RefAttributes<HTMLDivElement>'.
src/pages/admin/RestaurantsListPage.tsx(262,29): error TS2322: Type '{ children: Element[]; spacing: number; flexWrap: "wrap"; }' is not assignable to type 'IntrinsicAttributes & StackProps & RefAttributes<HTMLDivElement>'.
  Property 'spacing' does not exist on type 'IntrinsicAttributes & StackProps & RefAttributes<HTMLDivElement>'.
src/pages/admin/RestaurantsListPage.tsx(273,29): error TS2322: Type '{ children: Element[]; spacing: number; flexWrap: "wrap"; }' is not assignable to type 'IntrinsicAttributes & StackProps & RefAttributes<HTMLDivElement>'.
  Property 'spacing' does not exist on type 'IntrinsicAttributes & StackProps & RefAttributes<HTMLDivElement>'.
src/pages/admin/RestaurantsListPage.tsx(286,19): error TS2322: Type '{ children: Element[]; spacing: number; justify: { base: "flex-end"; md: "center"; }; flexShrink: number; }' is not assignable to type 'IntrinsicAttributes & StackProps & RefAttributes<HTMLDivElement>'.
  Property 'spacing' does not exist on type 'IntrinsicAttributes & StackProps & RefAttributes<HTMLDivElement>'.
src/pages/admin/RestaurantsListPage.tsx(331,21): error TS2322: Type '{ children: (false | Element)[]; spacing: number; }' is not assignable to type 'IntrinsicAttributes & StackProps & RefAttributes<HTMLDivElement>'.
  Property 'spacing' does not exist on type 'IntrinsicAttributes & StackProps & RefAttributes<HTMLDivElement>'.
src/pages/admin/TimeSlotsPage.tsx(310,49): error TS2322: Type '{ size: "xl"; color: "cyan.500"; thickness: string; mb: number; }' is not assignable to type 'IntrinsicAttributes & SpinnerProps & RefAttributes<HTMLSpanElement>'.
  Property 'thickness' does not exist on type 'IntrinsicAttributes & SpinnerProps & RefAttributes<HTMLSpanElement>'.
src/pages/admin/TimeSlotsPage.tsx(330,17): error TS2322: Type '{ children: Element[]; spacing: number; align: "stretch"; }' is not assignable to type 'IntrinsicAttributes & StackProps & RefAttributes<HTMLDivElement>'.
  Property 'spacing' does not exist on type 'IntrinsicAttributes & StackProps & RefAttributes<HTMLDivElement>'.
src/pages/admin/TimeSlotsPage.tsx(364,29): error TS2322: Type '{ children: Element[]; spacing: number; flexWrap: "wrap"; }' is not assignable to type 'IntrinsicAttributes & StackProps & RefAttributes<HTMLDivElement>'.
  Property 'spacing' does not exist on type 'IntrinsicAttributes & StackProps & RefAttributes<HTMLDivElement>'.
src/pages/admin/TimeSlotsPage.tsx(373,27): error TS2322: Type '{ children: Element[]; spacing: number; }' is not assignable to type 'IntrinsicAttributes & StackProps & RefAttributes<HTMLDivElement>'.
  Property 'spacing' does not exist on type 'IntrinsicAttributes & StackProps & RefAttributes<HTMLDivElement>'.
src/pages/admin/TimeSlotsPage.tsx(376,23): error TS2322: Type '{ children: string; size: "sm"; leftIcon: Element; bgGradient: "linear(to-r, #0ea5e9, #14b8a6)"; color: "white"; _hover: { bgGradient: "linear(to-r, #14b8a6, #10b981)"; }; onClick: (e: MouseEvent<...>) => void; display: { ...; }; }' is not assignable to type 'IntrinsicAttributes & ButtonProps & RefAttributes<HTMLButtonElement>'.
  Property 'leftIcon' does not exist on type 'IntrinsicAttributes & ButtonProps & RefAttributes<HTMLButtonElement>'.
src/pages/admin/TimeSlotsPage.tsx(411,23): error TS2322: Type '{ children: string; size: "sm"; leftIcon: Element; bgGradient: "linear(to-r, #0ea5e9, #14b8a6)"; color: "white"; _hover: { bgGradient: "linear(to-r, #14b8a6, #10b981)"; }; onClick: () => void | Promise<...>; mb: number; width: { ...; }; display: { ...; }; }' is not assignable to type 'IntrinsicAttributes & ButtonProps & RefAttributes<HTMLButtonElement>'.
  Property 'leftIcon' does not exist on type 'IntrinsicAttributes & ButtonProps & RefAttributes<HTMLButtonElement>'.
src/pages/admin/TimeSlotsPage.tsx(425,31): error TS2322: Type '{ children: Element[]; spacing: number; }' is not assignable to type 'IntrinsicAttributes & StackProps & RefAttributes<HTMLDivElement>'.
  Property 'spacing' does not exist on type 'IntrinsicAttributes & StackProps & RefAttributes<HTMLDivElement>'.
src/pages/admin/TimeSlotsPage.tsx(428,27): error TS2322: Type '{ children: string; size: "sm"; leftIcon: Element; colorScheme: "cyan" | "gray"; variant: "outline" | "solid"; onClick: () => void; }' is not assignable to type 'IntrinsicAttributes & ButtonProps & RefAttributes<HTMLButtonElement>'.
  Property 'leftIcon' does not exist on type 'IntrinsicAttributes & ButtonProps & RefAttributes<HTMLButtonElement>'.
src/pages/admin/TimeSlotsPage.tsx(437,27): error TS2322: Type '{ children: string; size: "sm"; leftIcon: Element; colorScheme: "cyan" | "gray"; variant: "outline" | "solid"; onClick: () => void; }' is not assignable to type 'IntrinsicAttributes & ButtonProps & RefAttributes<HTMLButtonElement>'.
  Property 'leftIcon' does not exist on type 'IntrinsicAttributes & ButtonProps & RefAttributes<HTMLButtonElement>'.
src/pages/admin/TimeSlotsPage.tsx(465,27): error TS2322: Type '{ children: string; size: "sm"; mt: number; leftIcon: Element; colorScheme: "cyan"; variant: "ghost"; onClick: () => void | Promise<void>; }' is not assignable to type 'IntrinsicAttributes & ButtonProps & RefAttributes<HTMLButtonElement>'.
  Property 'leftIcon' does not exist on type 'IntrinsicAttributes & ButtonProps & RefAttributes<HTMLButtonElement>'.
src/pages/admin/TimeSlotsPage.tsx(474,31): error TS2322: Type '{ children: Element[]; spacing: number; align: "stretch"; }' is not assignable to type 'IntrinsicAttributes & StackProps & RefAttributes<HTMLDivElement>'.
  Property 'spacing' does not exist on type 'IntrinsicAttributes & StackProps & RefAttributes<HTMLDivElement>'.
src/pages/admin/TimeSlotsPage.tsx(493,45): error TS2322: Type '{ children: Element[]; spacing: number; }' is not assignable to type 'IntrinsicAttributes & StackProps & RefAttributes<HTMLDivElement>'.
  Property 'spacing' does not exist on type 'IntrinsicAttributes & StackProps & RefAttributes<HTMLDivElement>'.
src/pages/admin/TimeSlotsPage.tsx(502,61): error TS2322: Type '{ children: Element[]; align: "start"; spacing: number; }' is not assignable to type 'IntrinsicAttributes & StackProps & RefAttributes<HTMLDivElement>'.
  Property 'spacing' does not exist on type 'IntrinsicAttributes & StackProps & RefAttributes<HTMLDivElement>'.
src/pages/admin/TimeSlotsPage.tsx(511,45): error TS2322: Type '{ children: Element[]; spacing: number; }' is not assignable to type 'IntrinsicAttributes & StackProps & RefAttributes<HTMLDivElement>'.
  Property 'spacing' does not exist on type 'IntrinsicAttributes & StackProps & RefAttributes<HTMLDivElement>'.
src/pages/admin/TimeSlotsPage.tsx(608,25): error TS2322: Type '{ children: Element[]; spacing: number; align: "stretch"; }' is not assignable to type 'IntrinsicAttributes & StackProps & RefAttributes<HTMLDivElement>'.
  Property 'spacing' does not exist on type 'IntrinsicAttributes & StackProps & RefAttributes<HTMLDivElement>'.
src/pages/RestaurantListingPage.tsx(14,27): error TS2322: Type '{ restaurants: RestaurantListing[]; }' is not assignable to type 'IntrinsicAttributes'.
  Property 'restaurants' does not exist on type 'IntrinsicAttributes'.
